> fl-super-system-web@0.1.0 dev
> node ./node_modules/next/dist/bin/next dev --hostname 127.0.0.1 --port 3000
  ▲ Next.js 15.0.0
Error: EPIPE: broken pipe, write
    at Socket._write (node:internal/net:75:18)
    at writeOrBuffer (node:internal/streams/writable:570:12)
    at _write (node:internal/streams/writable:499:10)
    at Writable.write (node:internal/streams/writable:508:10)
    at console.value (node:internal/console/constructor:313:16)
    at console.log (node:internal/console/constructor:416:26)
    at prefixedLog (E:\Final Project\Federated Learning on Non-IID Data & Differential Privacy\federated_dp_research\web\node_modules\next\dist\build\output\log.js:80:31)
    at Object.event (E:\Final Project\Federated Learning on Non-IID Data & Differential Privacy\federated_dp_research\web\node_modules\next\dist\build\output\log.js:102:5)
    at Server.<anonymous> (E:\Final Project\Federated Learning on Non-IID Data & Differential Privacy\federated_dp_research\web\node_modules\next\dist\server\lib\start-server.js:282:22) {
  errno: -4047,
  syscall: 'write',
  code: 'EPIPE'
}
 ⨯ uncaughtException: Error: EPIPE: broken pipe, write
> fl-super-system-web@0.1.0 dev
> node ./node_modules/next/dist/bin/next dev --hostname 127.0.0.1 --port 13000
  ▲ Next.js 15.0.0
Error: EPIPE: broken pipe, write
    at Socket._write (node:internal/net:75:18)
    at writeOrBuffer (node:internal/streams/writable:570:12)
    at _write (node:internal/streams/writable:499:10)
    at Writable.write (node:internal/streams/writable:508:10)
    at console.value (node:internal/console/constructor:313:16)
    at console.log (node:internal/console/constructor:416:26)
    at prefixedLog (E:\Final Project\Federated Learning on Non-IID Data & Differential Privacy\federated_dp_research\web\node_modules\next\dist\build\output\log.js:80:31)
    at Object.wait (E:\Final Project\Federated Learning on Non-IID Data & Differential Privacy\federated_dp_research\web\node_modules\next\dist\build\output\log.js:87:5)
    at Timeout._onTimeout (E:\Final Project\Federated Learning on Non-IID Data & Differential Privacy\federated_dp_research\web\node_modules\next\dist\build\output\store.js:147:34)
    at listOnTimeout (node:internal/timers:605:17)
    at process.processTimers (node:internal/timers:541:7) {
  errno: -4047,
  syscall: 'write',
  code: 'EPIPE'
}
 ⨯ uncaughtException: Error: EPIPE: broken pipe, write
